[0] ◇ injected env (0) from .env // tip: ⌘ override existing { override: true }
[0] node:internal/modules/cjs/loader:1368
[0]   throw err;
[0]   ^
[0] 
[0] Error: Cannot find module './routes/cards'
[0] Require stack:
[0] - D:\code\Test App\Hydrange\workspace\backend\index.js
[0]     at Function._resolveFilename (node:internal/modules/cjs/loader:1365:15)
[0]     at defaultResolveImpl (node:internal/modules/cjs/loader:1021:19)
[0]     at resolveForCJSWithHooks (node:internal/modules/cjs/loader:1026:22)
[0]     at Function._load (node:internal/modules/cjs/loader:1175:37)
[0]     at TracingChannel.traceSync (node:diagnostics_channel:322:14)
[0]     at wrapModuleLoad (node:internal/modules/cjs/loader:235:24)
[0]     at Module.require (node:internal/modules/cjs/loader:1445:12)
[0]     at require (node:internal/modules/helpers:135:16)
[0]     at Object.<anonymous> (D:\code\Test App\Hydrange\workspace\backend\index.js:19:20)
[0]     at Module._compile (node:internal/modules/cjs/loader:1688:14) {
[0]   code: 'MODULE_NOT_FOUND',
[0]   requireStack: [ 'D:\\code\\Test App\\Hydrange\\workspace\\backend\\index.js' ]
[0] }
[0] 
[0] Node.js v22.18.0
[0] node backend/index.js exited with code 1
[1] npm error Missing script: "start"
[1] npm error
[1] npm error Did you mean one of these?
[1] npm error   npm star # Mark your favorite packages
[1] npm error   npm stars # View packages marked as favorites
[1] npm error
[1] npm error To see a list of scripts, run:
[1] npm error   npm run
[1] npm error A complete log of this run can be found in: C:\Users\DELL\AppData\Local\npm-cache\_logs\2026-08-10T05_41_26_884Z-debug-0.log
[1] npm run start --prefix frontend exited with code 1
